Phase 40.13.1 static verification passed: exact merge repaired, legal SPARQL parsing is policy-separated, online CPU budgets are enforced, and workload-aware HPA is production-profile gated
Phase 40.13.2 static verification passed: online futures are owned and Send-capable, payload loading is single-flight without cache-lock I/O, RDF union/blank-node semantics are repaired, and HPC/HPA contracts remain fail-closed
Phase 40.13.3 static contract verification passed
Phase 40.13.4 static contract verification passed
Phase 40.13.5 static contract verification passed
phase 40.13.6 static qualification passed
phase 40.13.7 static qualification passed
phase 40.13.8 static qualification passed
phase 40.13.9 static qualification passed
phase 40.13.10 static qualification passed
{"phase": "40.13.11", "status": "passed", "checks": 5}
{"phase": "40.13.12", "status": "passed", "checks": 8}
{"phase": "40.13.13", "status": "passed", "checks": 10}
{"phase": "40.13.14", "status": "passed", "checks": 12, "semanticAuthority": "exact HermiT 1.4.5.519 finite named consequences", "publicationState": "inactive"}
{"phase": "40.13.15", "status": "passed", "checks": 10, "publication": "transactional compare-and-swap", "queryActivation": "scalar semantic path; hydration fail-closed"}
phase 40.13.16 static qualification passed
phase 40.13.17 static qualification passed
phase 40.13.18 static qualification passed
phase 40.13.19 static qualification passed
control-plane: 19 OpenAPI-covered REST operations
online-data-plane: 18 OpenAPI-covered REST operations
Swagger/OpenAPI route parity verification passed
Python AST, JSON, non-template YAML, Cargo TOML and Cargo.lock parsing passed
